// Jest Snapshot v1, https://goo.gl/fbAQLP

exports[`Cart component renders correctly 1`] = `
Array [
  <div
    className="bg-black flex flex-col items-center grow min-h-screen font-mono pt-12"
  >
    <div
      className="bg-white text-black flex flex-col gap-4 p-4 max-w-xl min-w-[25%] rounded"
    >
      <div
        className="text-2xl text-center"
      >
        Your cart is empty
      </div>
      <div
        className="flex flex-row gap-2 items-center justify-start"
      >
        <button
          className="text-xl rounded bg-black text-white p-1 flex items-center hover:scale-110"
        >
          Clear Cart
        </button>
        <div
          className="flex grow"
        />
        <div
          className="font-bold text-xl flex items-center"
        >
          Total: $ 
        </div>
      </div>
      <div
        className="items-center flex flex-row justify-center"
      >
        <a
          className="text-xl rounded bg-black text-white p-1 hover:scale-110"
          href="/Checkout"
          onClick={[Function]}
        >
          Checkout
        </a>
      </div>
      <div
        className="items-center flex flex-row justify-center"
      >
        <a
          className="text-xl rounded bg-black text-white p-1 hover:scale-110"
          href="/Shop"
          onClick={[Function]}
        >
          Back To Shop
        </a>
      </div>
    </div>
  </div>,
  ")",
]
`;
